// Jest Snapshot v1, https://goo.gl/fbAQLP

exports[`Form matches the snapshot 1`] = `
<form
  autocomplete="off"
  method="post"
/>
`;
