// Jest Snapshot v1, https://goo.gl/fbAQLP

exports[`DisplayText matches the snapshot 1`] = `
<h2
  class="display-text display-text--medium"
/>
`;
