// Jest Snapshot v1, https://goo.gl/fbAQLP

exports[`FormGroup matches the snapshot 1`] = `
<div
  class="form-group"
/>
`;
