// Jest Snapshot v1, https://goo.gl/fbAQLP

exports[`Badge matches the snapshot 1`] = `
<span
  class="badge badge--size-medium"
>
  <!---->
   
</span>
`;
