// Jest Snapshot v1, https://goo.gl/fbAQLP

exports[`Button matches the snapshot 1`] = `
<button
  class="button"
  role="button"
  tabindex="0"
  type="button"
>
  <span
    class="button__label"
  />
</button>
`;
