// Jest Snapshot v1, https://goo.gl/fbAQLP

exports[`Popover matches the snapshot 1`] = `
<div
  class="popover"
  role="dialog"
>
  <span />
</div>
`;
