// Jest Snapshot v1, https://goo.gl/fbAQLP

exports[`button-group matches the snapshot 1`] = `
<div
  class="button-group"
/>
`;
