// Jest Snapshot v1, https://goo.gl/fbAQLP

exports[`Card matches the snapshot 1`] = `
<div
  class="card"
>
  <focus-card-section-stub />
</div>
`;
