// Jest Snapshot v1, https://goo.gl/fbAQLP

exports[`Thumbnail matches the snapshot 1`] = `
<span
  class="thumbnail thumbnail--size-medium"
>
  <img
    alt="My Alt Text"
    src="image.png"
  />
</span>
`;
