// Jest Snapshot v1, https://goo.gl/fbAQLP

exports[`Icon matches the snapshot 1`] = `
<fontawesomeicon-stub
  icon="user"
/>
`;
