// Jest Snapshot v1, https://goo.gl/fbAQLP

exports[`Spinner matches the snapshot 1`] = `
<div
  class="spinner"
  role="status"
>
  <svg
    height="20"
    stroke-width="16.00"
    viewBox="-3.00 -3.00 106.00 106.00"
    width="20"
  >
    <path
      class="spinner__track"
      d="M 50,50 m 0,-45 a 45,45 0 1 1 0,90 a 45,45 0 1 1 0,-90"
    />
     
    <path
      class="spinner__head"
      d="M 50,50 m 0, -45 a 45, 45 0 1 1 0,90 a 45,45 0 1 1 0,-90"
      pathLength="280"
      stroke-dasharray="280 280"
      stroke-dashoffset="210"
    />
  </svg>
</div>
`;
